// Jest Snapshot v1, https://goo.gl/fbAQLP

exports[`Footer snap 1`] = `
preact-render-spy (1 nodes)
-------
<footer class="jsx-3732945833 jsx-3732945833">
  <ul class="jsx-3732945833 jsx-3732945833">
    <li class="jsx-3732945833 jsx-3732945833">
      <a
        href="https://awesome-test.com"
        target="_blank"
        class="jsx-3732945833 jsx-3732945833"
      >
        function icon() {return _ref;}
      </a>
    </li>
  </ul>
  <JSXStyle
    styleId="3732945833"
    css="footer.jsx-3732945833{background-color:var(--gray-lightest);padding:1rem;}"
  >
  </JSXStyle>
</footer>

`;
