// Jest Snapshot v1, https://goo.gl/fbAQLP

exports[`Footer snap 1`] = `
preact-render-spy (1 nodes)
-------
<footer class="jsx-3732945833 jsx-3732945833">
  Lorem ipsum dolor sit amet consectetur adipisicing elit. Eligendi ducimus ipsum fuga neque tempora cumque quisquam explicabo autem vel enim.
  <JSXStyle
    styleId="3732945833"
    css="footer.jsx-3732945833{background-color:var(--gray-lightest);padding:1rem;}"
  >
  </JSXStyle>
</footer>

`;
